// Jest Snapshot v1, https://goo.gl/fbAQLP

exports[`<Badge /> test case Render <Badge /> test case 1`] = `
<div>
  <div>
    This is Badge component
  </div>
</div>
`;
