// Jest Snapshot v1, https://goo.gl/fbAQLP

exports[`<Name /> test case Render <Name /> test case 1`] = `
<div>
  <div>
    This is Name component
  </div>
</div>
`;
